@ 0x0000 : 0xe400  /  111 001 0 000 000 000  /  58368
@ 0x0001 : 0xe401  /  111 001 0 000 000 001  /  58369
@ 0x0002 : 0xe4ff  /  111 001 0 011 111 111  /  58623
