@ 0x0000 : 0xe500  /  111 001 0 100 000 000  /  58624
@ 0x0001 : 0xe501  /  111 001 0 100 000 001  /  58625
@ 0x0002 : 0xe5ff  /  111 001 0 111 111 111  /  58879
