acceptance/args/exl_gt_max.asm:1:5: Argument value 256 for INT is out of range (0..255)
