@ 0x0000 : 0x4000  /  010 000 0 000 000 000  /  16384
@ 0x0001 : 0x4001  /  010 000 0 000 000 001  /  16385
@ 0x0002 : 0x4002  /  010 000 0 000 000 010  /  16386
@ 0x0003 : 0x4003  /  010 000 0 000 000 011  /  16387
@ 0x0004 : 0x4004  /  010 000 0 000 000 100  /  16388
@ 0x0005 : 0x4005  /  010 000 0 000 000 101  /  16389
@ 0x0006 : 0x4006  /  010 000 0 000 000 110  /  16390
@ 0x0007 : 0x4007  /  010 000 0 000 000 111  /  16391
