acceptance/args/norm_imm_gt_max.asm:1:13: Value 65536 is not an 16-bit signed/unsigned integer
