@ 0x0000 : 0xe7ff  /  111 001 1 111 111 111  /  59391
@ 0x0001 : 0xe700  /  111 001 1 100 000 000  /  59136
@ 0x0002 : 0xe701  /  111 001 1 100 000 001  /  59137
@ 0x0003 : 0xe7ff  /  111 001 1 111 111 111  /  59391
