@ 0x0000 : 0xd400  /  110 101 0 000 000 000  /  54272
@ 0x0001 : 0xd441  /  110 101 0 001 000 001  /  54337
@ 0x0002 : 0xd681  /  110 101 1 010 000 001  /  54913
@ 0x0003 : 0xd4ff  /  110 101 0 011 111 111  /  54527
@ 0x0004 : 0xd73f  /  110 101 1 100 111 111  /  55103
