acceptance/args/short_to_label_lt_min.asm:9:5: Argument value -64 for INT is out of range (-63..63)
