@ 0x0000 : 0x0001  /  000 000 0 000 000 001  /  1
@ 0x0001 : 0x0001  /  000 000 0 000 000 001  /  1
@ 0x0002 : 0x0001  /  000 000 0 000 000 001  /  1
@ 0x0003 : 0x0001  /  000 000 0 000 000 001  /  1
@ 0x0004 : 0x0000  /  000 000 0 000 000 000  /  0
@ 0x0005 : 0x0000  /  000 000 0 000 000 000  /  0
@ 0x0006 : 0xffff  /  111 111 1 111 111 111  /  -1
@ 0x0007 : 0xffff  /  111 111 1 111 111 111  /  -1
@ 0x0008 : 0xffff  /  111 111 1 111 111 111  /  -1
@ 0x0009 : 0xffff  /  111 111 1 111 111 111  /  -1
@ 0x000a : 0x7fff  /  011 111 1 111 111 111  /  32767
@ 0x000b : 0x7fff  /  011 111 1 111 111 111  /  32767
@ 0x000c : 0xc000  /  110 000 0 000 000 000  /  -16384
@ 0x000d : 0xc000  /  110 000 0 000 000 000  /  -16384
