acceptance/expr/div_by_0_float.asm:1:17: Division by 0
