@ 0x0000 : 0x0001  /  000 000 0 000 000 001  /  1
@ 0x0001 : 0x0001  /  000 000 0 000 000 001  /  1
@ 0x0002 : 0x0000  /  000 000 0 000 000 000  /  0
@ 0x0003 : 0x0000  /  000 000 0 000 000 000  /  0
@ 0x0004 : 0xffff  /  111 111 1 111 111 111  /  -1
@ 0x0005 : 0xffff  /  111 111 1 111 111 111  /  -1
@ 0x0006 : 0x0001  /  000 000 0 000 000 001  /  1
@ 0x0007 : 0x0001  /  000 000 0 000 000 001  /  1
@ 0x0008 : 0x0000  /  000 000 0 000 000 000  /  0
@ 0x0009 : 0x0000  /  000 000 0 000 000 000  /  0
@ 0x000a : 0xfffe  /  111 111 1 111 111 110  /  65534
@ 0x000b : 0xfffe  /  111 111 1 111 111 110  /  65534
