@ 0x0000 : 0x0006  /  000 000 0 000 000 110  /  6
@ 0x0001 : 0x0006  /  000 000 0 000 000 110  /  6
@ 0x0002 : 0x0008  /  000 000 0 000 001 000  /  8
@ 0x0003 : 0x0006  /  000 000 0 000 000 110  /  6
@ 0x0004 : 0xffff  /  111 111 1 111 111 111  /  -1
@ 0x0005 : 0x0006  /  000 000 0 000 000 110  /  6
