@ 0x0000 : 0x0001  /  000 000 0 000 000 001  /  1
@ 0x0001 : 0x0001  /  000 000 0 000 000 001  /  1
@ 0x0002 : 0x0000  /  000 000 0 000 000 000  /  0
@ 0x0003 : 0x0000  /  000 000 0 000 000 000  /  0
@ 0x0004 : 0xffff  /  111 111 1 111 111 111  /  65535
@ 0x0005 : 0x8000  /  100 000 0 000 000 000  /  -32768
@ 0x0006 : 0x8000  /  100 000 0 000 000 000  /  32768
