@ 0x0000 : 0xe000  /  111 000 0 000 000 000  /  57344
@ 0x0001 : 0xe040  /  111 000 0 001 000 000  /  57408
@ 0x0002 : 0xe080  /  111 000 0 010 000 000  /  57472
@ 0x0003 : 0xe0c0  /  111 000 0 011 000 000  /  57536
@ 0x0004 : 0xe100  /  111 000 0 100 000 000  /  57600
@ 0x0005 : 0xe140  /  111 000 0 101 000 000  /  57664
@ 0x0006 : 0xe180  /  111 000 0 110 000 000  /  57728
@ 0x0007 : 0xe1c0  /  111 000 0 111 000 000  /  57792
