@ 0x0000 : 0xf000  /  111 100 0 000 000 000  /  61440
@ 0x0001 : 0xf040  /  111 100 0 001 000 000  /  61504
@ 0x0002 : 0xf080  /  111 100 0 010 000 000  /  61568
@ 0x0003 : 0xf0c0  /  111 100 0 011 000 000  /  61632
@ 0x0004 : 0xf100  /  111 100 0 100 000 000  /  61696
@ 0x0005 : 0xf140  /  111 100 0 101 000 000  /  61760
@ 0x0006 : 0xf180  /  111 100 0 110 000 000  /  61824
@ 0x0007 : 0xf1c0  /  111 100 0 111 000 000  /  61888
