@ 0x0000 : 0xe400  /  111 001 0 000 000 000  /  58368
@ 0x0001 : 0xe500  /  111 001 0 100 000 000  /  58624
@ 0x0002 : 0xe600  /  111 001 1 000 000 000  /  58880
@ 0x0003 : 0xe700  /  111 001 1 100 000 000  /  59136
