@ 0x0000 : 0xfc00  /  111 111 0 000 000 000  /  64512
@ 0x0001 : 0xfc40  /  111 111 0 001 000 000  /  64576
@ 0x0002 : 0xfc80  /  111 111 0 010 000 000  /  64640
@ 0x0003 : 0xfcc0  /  111 111 0 011 000 000  /  64704
@ 0x0004 : 0xfd00  /  111 111 0 100 000 000  /  64768
@ 0x0005 : 0xfd40  /  111 111 0 101 000 000  /  64832
@ 0x0006 : 0xfd80  /  111 111 0 110 000 000  /  64896
@ 0x0007 : 0xfdc0  /  111 111 0 111 000 000  /  64960
