@ 0x0000 : 0x004f  /  000 000 0 001 001 111  /  79
@ 0x0001 : 0xec56  /  111 011 0 001 010 110  /  60502
@ 0x0002 : 0x04e7  /  000 001 0 011 100 111  /  1255
@ 0x0003 : 0xfff5  /  111 111 1 111 110 101  /  65525
