@ 0x0000 : 0x8000  /  100 000 0 000 000 000  /  32768
@ 0x0001 : 0x0000  /  000 000 0 000 000 000  /  0
@ 0x0002 : 0x0001  /  000 000 0 000 000 001  /  1
@ 0x0003 : 0x8000  /  100 000 0 000 000 000  /  32768
@ 0x0004 : 0x0000  /  000 000 0 000 000 000  /  0
@ 0x0005 : 0x0000  /  000 000 0 000 000 000  /  0
@ 0x0006 : 0x0000  /  000 000 0 000 000 000  /  0
@ 0x0007 : 0x0000  /  000 000 0 000 000 000  /  0
@ 0x0008 : 0x0000  /  000 000 0 000 000 000  /  0
@ 0x0009 : 0x4000  /  010 000 0 000 000 000  /  16384
@ 0x000a : 0x0000  /  000 000 0 000 000 000  /  0
@ 0x000b : 0x0001  /  000 000 0 000 000 001  /  1
@ 0x000c : 0x4000  /  010 000 0 000 000 000  /  16384
@ 0x000d : 0x0000  /  000 000 0 000 000 000  /  0
@ 0x000e : 0x0002  /  000 000 0 000 000 010  /  2
