acceptance/float/large_int.asm:1:8: Numerical result out of range
