@ 0x0000 : 0x4040  /  010 000 0 001 000 000  /  16448
@ 0x0001 : 0x4517  /  010 001 0 100 010 111  /  17687
@ 0x0002 : 0x4088  /  010 000 0 010 001 000  /  16520
@ 0x0003 : 0x0001  /  000 000 0 000 000 001  /  1
@ 0x0004 : 0x40d0  /  010 000 0 011 010 000  /  16592
@ 0x0005 : 0x00c1  /  000 000 0 011 000 001  /  193
