acceptance/float/overflow.asm:1:8: Floating point overflow
