acceptance/float/underflow.asm:1:8: Floating point underflow
