@ 0x0000 : 0x0000  /  000 000 0 000 000 000  /  0
@ 0x0001 : 0xe000  /  111 000 0 000 000 000  /  57344
@ 0x0002 : 0xe000  /  111 000 0 000 000 000  /  57344
@ 0x0003 : 0xe000  /  111 000 0 000 000 000  /  57344
@ 0x0004 : 0xe000  /  111 000 0 000 000 000  /  57344
@ 0x0005 : 0xe000  /  111 000 0 000 000 000  /  57344
@ 0x0006 : 0xe000  /  111 000 0 000 000 000  /  57344
@ 0x0007 : 0xe000  /  111 000 0 000 000 000  /  57344
@ 0x0008 : 0xe000  /  111 000 0 000 000 000  /  57344
@ 0x0009 : 0xe000  /  111 000 0 000 000 000  /  57344
@ 0x000a : 0xe000  /  111 000 0 000 000 000  /  57344
@ 0x000b : 0x0000  /  000 000 0 000 000 000  /  0
@ 0x000c : 0x0001  /  000 000 0 000 000 001  /  1
@ 0x000d : 0x000b  /  000 000 0 000 001 011  /  11
