acceptance/pragmas/const_redef.asm:2:13: Symbol 'a' already defined
