@ 0x000a : 0x0001  /  000 000 0 000 000 001  /  1
@ 0x0014 : 0x0002  /  000 000 0 000 000 010  /  2
