acceptance/pragmas/org_back.asm:3:8: Cannot move location pointer backwards by -1 words
