@ 0x0000 : 0x004f  /  000 000 0 001 001 111  /  79
@ 0x0001 : 0xec56  /  111 011 0 001 010 110  /  60502
@ 0x0002 : 0x000c  /  000 000 0 000 001 100  /  12
@ 0x0003 : 0x21e4  /  001 000 0 111 100 100  /  8676
