@ 0x0000 : 0x8000  /  100 000 0 000 000 000  /  32768
@ 0x0001 : 0x0000  /  000 000 0 000 000 000  /  0
