@ 0x0000 : 0xffff  /  111 111 1 111 111 111  /  65535
@ 0x0001 : 0xffff  /  111 111 1 111 111 111  /  65535
