acceptance/dword/uint-max-overflow.asm:1:18: Value won't fit in a DWORD: 4294967296
